Archive member included to satisfy reference by file (symbol)

e:/stm32ide/stm32cubeide_1.11.0/stm32cubeide/plugins/com.st.stm32cube.ide.mcu.externaltools.gnu-tools-for-stm32.10.3-2021.10.win32_1.0.100.202210260954/tools/bin/../lib/gcc/arm-none-eabi/10.3.1/../../../../arm-none-eabi/lib/thumb/v7-m/nofp\libc_nano.a(lib_a-errno.o)
                              ./Core/Src/syscalls.o (__errno)
e:/stm32ide/stm32cubeide_1.11.0/stm32cubeide/plugins/com.st.stm32cube.ide.mcu.externaltools.gnu-tools-for-stm32.10.3-2021.10.win32_1.0.100.202210260954/tools/bin/../lib/gcc/arm-none-eabi/10.3.1/../../../../arm-none-eabi/lib/thumb/v7-m/nofp\libc_nano.a(lib_a-exit.o)
                              e:/stm32ide/stm32cubeide_1.11.0/stm32cubeide/plugins/com.st.stm32cube.ide.mcu.externaltools.gnu-tools-for-stm32.10.3-2021.10.win32_1.0.100.202210260954/tools/bin/../lib/gcc/arm-none-eabi/10.3.1/../../../../arm-none-eabi/lib/thumb/v7-m/nofp/crt0.o (exit)
e:/stm32ide/stm32cubeide_1.11.0/stm32cubeide/plugins/com.st.stm32cube.ide.mcu.externaltools.gnu-tools-for-stm32.10.3-2021.10.win32_1.0.100.202210260954/tools/bin/../lib/gcc/arm-none-eabi/10.3.1/../../../../arm-none-eabi/lib/thumb/v7-m/nofp\libc_nano.a(lib_a-impure.o)
                              e:/stm32ide/stm32cubeide_1.11.0/stm32cubeide/plugins/com.st.stm32cube.ide.mcu.externaltools.gnu-tools-for-stm32.10.3-2021.10.win32_1.0.100.202210260954/tools/bin/../lib/gcc/arm-none-eabi/10.3.1/../../../../arm-none-eabi/lib/thumb/v7-m/nofp\libc_nano.a(lib_a-exit.o) (_global_impure_ptr)
e:/stm32ide/stm32cubeide_1.11.0/stm32cubeide/plugins/com.st.stm32cube.ide.mcu.externaltools.gnu-tools-for-stm32.10.3-2021.10.win32_1.0.100.202210260954/tools/bin/../lib/gcc/arm-none-eabi/10.3.1/../../../../arm-none-eabi/lib/thumb/v7-m/nofp\libc_nano.a(lib_a-init.o)
                              e:/stm32ide/stm32cubeide_1.11.0/stm32cubeide/plugins/com.st.stm32cube.ide.mcu.externaltools.gnu-tools-for-stm32.10.3-2021.10.win32_1.0.100.202210260954/tools/bin/../lib/gcc/arm-none-eabi/10.3.1/../../../../arm-none-eabi/lib/thumb/v7-m/nofp/crt0.o (__libc_init_array)
e:/stm32ide/stm32cubeide_1.11.0/stm32cubeide/plugins/com.st.stm32cube.ide.mcu.externaltools.gnu-tools-for-stm32.10.3-2021.10.win32_1.0.100.202210260954/tools/bin/../lib/gcc/arm-none-eabi/10.3.1/../../../../arm-none-eabi/lib/thumb/v7-m/nofp\libc_nano.a(lib_a-memset.o)
                              e:/stm32ide/stm32cubeide_1.11.0/stm32cubeide/plugins/com.st.stm32cube.ide.mcu.externaltools.gnu-tools-for-stm32.10.3-2021.10.win32_1.0.100.202210260954/tools/bin/../lib/gcc/arm-none-eabi/10.3.1/../../../../arm-none-eabi/lib/thumb/v7-m/nofp/crt0.o (memset)

Discarded input sections

 .text          0x0000000000000000        0x0 e:/stm32ide/stm32cubeide_1.11.0/stm32cubeide/plugins/com.st.stm32cube.ide.mcu.externaltools.gnu-tools-for-stm32.10.3-2021.10.win32_1.0.100.202210260954/tools/bin/../lib/gcc/arm-none-eabi/10.3.1/thumb/v7-m/nofp/crti.o
 .data          0x0000000000000000        0x0 e:/stm32ide/stm32cubeide_1.11.0/stm32cubeide/plugins/com.st.stm32cube.ide.mcu.externaltools.gnu-tools-for-stm32.10.3-2021.10.win32_1.0.100.202210260954/tools/bin/../lib/gcc/arm-none-eabi/10.3.1/thumb/v7-m/nofp/crti.o
 .bss           0x0000000000000000        0x0 e:/stm32ide/stm32cubeide_1.11.0/stm32cubeide/plugins/com.st.stm32cube.ide.mcu.externaltools.gnu-tools-for-stm32.10.3-2021.10.win32_1.0.100.202210260954/tools/bin/../lib/gcc/arm-none-eabi/10.3.1/thumb/v7-m/nofp/crti.o
 .data          0x0000000000000000        0x4 e:/stm32ide/stm32cubeide_1.11.0/stm32cubeide/plugins/com.st.stm32cube.ide.mcu.externaltools.gnu-tools-for-stm32.10.3-2021.10.win32_1.0.100.202210260954/tools/bin/../lib/gcc/arm-none-eabi/10.3.1/thumb/v7-m/nofp/crtbegin.o
 .rodata        0x0000000000000000       0x24 e:/stm32ide/stm32cubeide_1.11.0/stm32cubeide/plugins/com.st.stm32cube.ide.mcu.externaltools.gnu-tools-for-stm32.10.3-2021.10.win32_1.0.100.202210260954/tools/bin/../lib/gcc/arm-none-eabi/10.3.1/thumb/v7-m/nofp/crtbegin.o
 .text          0x0000000000000000       0x7c e:/stm32ide/stm32cubeide_1.11.0/stm32cubeide/plugins/com.st.stm32cube.ide.mcu.externaltools.gnu-tools-for-stm32.10.3-2021.10.win32_1.0.100.202210260954/tools/bin/../lib/gcc/arm-none-eabi/10.3.1/../../../../arm-none-eabi/lib/thumb/v7-m/nofp/crt0.o
 .data          0x0000000000000000        0x0 e:/stm32ide/stm32cubeide_1.11.0/stm32cubeide/plugins/com.st.stm32cube.ide.mcu.externaltools.gnu-tools-for-stm32.10.3-2021.10.win32_1.0.100.202210260954/tools/bin/../lib/gcc/arm-none-eabi/10.3.1/../../../../arm-none-eabi/lib/thumb/v7-m/nofp/crt0.o
 .bss           0x0000000000000000        0x0 e:/stm32ide/stm32cubeide_1.11.0/stm32cubeide/plugins/com.st.stm32cube.ide.mcu.externaltools.gnu-tools-for-stm32.10.3-2021.10.win32_1.0.100.202210260954/tools/bin/../lib/gcc/arm-none-eabi/10.3.1/../../../../arm-none-eabi/lib/thumb/v7-m/nofp/crt0.o
[...]
Memory Configuration

Name             Origin             Length             Attributes
RAM              0x0000000020000000 0x0000000000002800 xrw
FLASH            0x0000000008000000 0x0000000000008000 xr
*default*        0x0000000000000000 0xffffffffffffffff

Linker script and memory map

LOAD e:/stm32ide/stm32cubeide_1.11.0/stm32cubeide/plugins/com.st.stm32cube.ide.mcu.externaltools.gnu-tools-for-stm32.10.3-2021.10.win32_1.0.100.202210260954/tools/bin/../lib/gcc/arm-none-eabi/10.3.1/thumb/v7-m/nofp/crti.o
LOAD e:/stm32ide/stm32cubeide_1.11.0/stm32cubeide/plugins/com.st.stm32cube.ide.mcu.externaltools.gnu-tools-for-stm32.10.3-2021.10.win32_1.0.100.202210260954/tools/bin/../lib/gcc/arm-none-eabi/10.3.1/thumb/v7-m/nofp/crtbegin.o
LOAD e:/stm32ide/stm32cubeide_1.11.0/stm32cubeide/plugins/com.st.stm32cube.ide.mcu.externaltools.gnu-tools-for-stm32.10.3-2021.10.win32_1.0.100.202210260954/tools/bin/../lib/gcc/arm-none-eabi/10.3.1/../../../../arm-none-eabi/lib/thumb/v7-m/nofp/crt0.o
LOAD ./Core/Src/global.o
LOAD ./Core/Src/input_processing.o
LOAD ./Core/Src/input_reading.o
LOAD ./Core/Src/led_display.o
LOAD ./Core/Src/main.o
LOAD ./Core/Src/stm32f1xx_hal_msp.o
LOAD ./Core/Src/stm32f1xx_it.o
LOAD ./Core/Src/syscalls.o
LOAD ./Core/Src/sysmem.o
LOAD ./Core/Src/system_stm32f1xx.o
LOAD ./Core/Src/timer.o
LOAD ./Core/Src/traffic_light.o
LOAD ./Core/Startup/startup_stm32f103c6tx.o
LOAD ./Drivers/STM32F1xx_HAL_Driver/Src/stm32f1xx_hal.o
LOAD ./Drivers/STM32F1xx_HAL_Driver/Src/stm32f1xx_hal_cortex.o
LOAD ./Drivers/STM32F1xx_HAL_Driver/Src/stm32f1xx_hal_dma.o
LOAD ./Drivers/STM32F1xx_HAL_Driver/Src/stm32f1xx_hal_exti.o
LOAD ./Drivers/STM32F1xx_HAL_Driver/Src/stm32f1xx_hal_flash.o
LOAD ./Drivers/STM32F1xx_HAL_Driver/Src/stm32f1xx_hal_flash_ex.o
LOAD ./Drivers/STM32F1xx_HAL_Driver/Src/stm32f1xx_hal_gpio.o
LOAD ./Drivers/STM32F1xx_HAL_Driver/Src/stm32f1xx_hal_gpio_ex.o
LOAD ./Drivers/STM32F1xx_HAL_Driver/Src/stm32f1xx_hal_pwr.o
LOAD ./Drivers/STM32F1xx_HAL_Driver/Src/stm32f1xx_hal_rcc.o
LOAD ./Drivers/STM32F1xx_HAL_Driver/Src/stm32f1xx_hal_rcc_ex.o
LOAD ./Drivers/STM32F1xx_HAL_Driver/Src/stm32f1xx_hal_tim.o
LOAD ./Drivers/STM32F1xx_HAL_Driver/Src/stm32f1xx_hal_tim_ex.o
START GROUP
LOAD e:/stm32ide/stm32cubeide_1.11.0/stm32cubeide/plugins/com.st.stm32cube.ide.mcu.externaltools.gnu-tools-for-stm32.10.3-2021.10.win32_1.0.100.202210260954/tools/bin/../lib/gcc/arm-none-eabi/10.3.1/../../../../arm-none-eabi/lib/thumb/v7-m/nofp\libc_nano.a
LOAD e:/stm32ide/stm32cubeide_1.11.0/stm32cubeide/plugins/com.st.stm32cube.ide.mcu.externaltools.gnu-tools-for-stm32.10.3-2021.10.win32_1.0.100.202210260954/tools/bin/../lib/gcc/arm-none-eabi/10.3.1/../../../../arm-none-eabi/lib/thumb/v7-m/nofp\libm.a
END GROUP
START GROUP
LOAD e:/stm32ide/stm32cubeide_1.11.0/stm32cubeide/plugins/com.st.stm32cube.ide.mcu.externaltools.gnu-tools-for-stm32.10.3-2021.10.win32_1.0.100.202210260954/tools/bin/../lib/gcc/arm-none-eabi/10.3.1/thumb/v7-m/nofp\libgcc.a
LOAD e:/stm32ide/stm32cubeide_1.11.0/stm32cubeide/plugins/com.st.stm32cube.ide.mcu.externaltools.gnu-tools-for-stm32.10.3-2021.10.win32_1.0.100.202210260954/tools/bin/../lib/gcc/arm-none-eabi/10.3.1/../../../../arm-none-eabi/lib/thumb/v7-m/nofp\libc_nano.a
END GROUP
START GROUP
LOAD e:/stm32ide/stm32cubeide_1.11.0/stm32cubeide/plugins/com.st.stm32cube.ide.mcu.externaltools.gnu-tools-for-stm32.10.3-2021.10.win32_1.0.100.202210260954/tools/bin/../lib/gcc/arm-none-eabi/10.3.1/thumb/v7-m/nofp\libgcc.a
LOAD e:/stm32ide/stm32cubeide_1.11.0/stm32cubeide/plugins/com.st.stm32cube.ide.mcu.externaltools.gnu-tools-for-stm32.10.3-2021.10.win32_1.0.100.202210260954/tools/bin/../lib/gcc/arm-none-eabi/10.3.1/../../../../arm-none-eabi/lib/thumb/v7-m/nofp\libc_nano.a
LOAD e:/stm32ide/stm32cubeide_1.11.0/stm32cubeide/plugins/com.st.stm32cube.ide.mcu.externaltools.gnu-tools-for-stm32.10.3-2021.10.win32_1.0.100.202210260954/tools/bin/../lib/gcc/arm-none-eabi/10.3.1/../../../../arm-none-eabi/lib/thumb/v7-m/nofp\libnosys.a
END GROUP
START GROUP
LOAD e:/stm32ide/stm32cubeide_1.11.0/stm32cubeide/plugins/com.st.stm32cube.ide.mcu.externaltools.gnu-tools-for-stm32.10.3-2021.10.win32_1.0.100.202210260954/tools/bin/../lib/gcc/arm-none-eabi/10.3.1/thumb/v7-m/nofp\libgcc.a
LOAD e:/stm32ide/stm32cubeide_1.11.0/stm32cubeide/plugins/com.st.stm32cube.ide.mcu.externaltools.gnu-tools-for-stm32.10.3-2021.10.win32_1.0.100.202210260954/tools/bin/../lib/gcc/arm-none-eabi/10.3.1/../../../../arm-none-eabi/lib/thumb/v7-m/nofp\libc_nano.a
LOAD e:/stm32ide/stm32cubeide_1.11.0/stm32cubeide/plugins/com.st.stm32cube.ide.mcu.externaltools.gnu-tools-for-stm32.10.3-2021.10.win32_1.0.100.202210260954/tools/bin/../lib/gcc/arm-none-eabi/10.3.1/../../../../arm-none-eabi/lib/thumb/v7-m/nofp\libnosys.a
END GROUP
LOAD e:/stm32ide/stm32cubeide_1.11.0/stm32cubeide/plugins/com.st.stm32cube.ide.mcu.externaltools.gnu-tools-for-stm32.10.3-2021.10.win32_1.0.100.202210260954/tools/bin/../lib/gcc/arm-none-eabi/10.3.1/thumb/v7-m/nofp/crtend.o
LOAD e:/stm32ide/stm32cubeide_1.11.0/stm32cubeide/plugins/com.st.stm32cube.ide.mcu.externaltools.gnu-tools-for-stm32.10.3-2021.10.win32_1.0.100.202210260954/tools/bin/../lib/gcc/arm-none-eabi/10.3.1/thumb/v7-m/nofp/crtn.o
                0x0000000020002800                _estack = (ORIGIN (RAM) + LENGTH (RAM))
                0x0000000000000200                _Min_Heap_Size = 0x200
                0x0000000000000400                _Min_Stack_Size = 0x400

.isr_vector     0x0000000008000000      0x10c
                0x0000000008000000                . = ALIGN (0x4)
 *(.isr_vector)
 .isr_vector    0x0000000008000000      0x10c ./Core/Startup/startup_stm32f103c6tx.o
                0x0000000008000000                g_pfnVectors
                0x000000000800010c                . = ALIGN (0x4)

.text           0x000000000800010c     0x2684
                0x000000000800010c                . = ALIGN (0x4)
 *(.text)
 .text          0x000000000800010c       0x40 e:/stm32ide/stm32cubeide_1.11.0/stm32cubeide/plugins/com.st.stm32cube.ide.mcu.externaltools.gnu-tools-for-stm32.10.3-2021.10.win32_1.0.100.202210260954/tools/bin/../lib/gcc/arm-none-eabi/10.3.1/thumb/v7-m/nofp/crtbegin.o
 *(.text*)
 .text.Traffic_Light_Reset
                0x000000000800014c       0x54 ./Core/Src/global.o
                0x000000000800014c                Traffic_Light_Reset
 .text.Global_Init
                0x00000000080001a0       0x2c ./Core/Src/global.o
                0x00000000080001a0                Global_Init
 .text.Input_Processing_Init
                0x00000000080001cc       0x38 ./Core/Src/input_processing.o
                0x00000000080001cc                Input_Processing_Init
 .text.IncreaseOne
                0x0000000008000204       0x2a ./Core/Src/input_processing.o
                0x0000000008000204                IncreaseOne
 *fill*         0x000000000800022e        0x2 
 .text.FSM_IncreasingValue
                0x0000000008000230       0x54 ./Core/Src/input_processing.o
                0x0000000008000230                FSM_IncreasingValue
 .text.FSM_ChangingMode
                0x0000000008000284       0xa8 ./Core/Src/input_processing.o
                0x0000000008000284                FSM_ChangingMode
 .text.FSM_SettingValue
                0x000000000800032c       0x68 ./Core/Src/input_processing.o
                0x000000000800032c                FSM_SettingValue
 .text.FSM_ForInputProcessing
                0x0000000008000394       0xb0 ./Core/Src/input_processing.o
                0x0000000008000394                FSM_ForInputProcessing
 .text.FSM_ProcessingSetValueButton
                0x0000000008000444       0x14 ./Core/Src/input_processing.o
                0x0000000008000444                FSM_ProcessingSetValueButton
 .text.FSM_ProcessingModifyButton
                0x0000000008000458       0x48 ./Core/Src/input_processing.o
                0x0000000008000458                FSM_ProcessingModifyButton
 .text.FSM_ProcessingSelectModeButton
                0x00000000080004a0       0x14 ./Core/Src/input_processing.o
                0x00000000080004a0                FSM_ProcessingSelectModeButton
 .text.FSM_TrafficLight
                0x00000000080004b4      0x110 ./Core/Src/input_processing.o
                0x00000000080004b4                FSM_TrafficLight
 .text.FSM_ForProcessingState
                0x00000000080005c4       0xa8 ./Core/Src/input_processing.o
                0x00000000080005c4                FSM_ForProcessingState
 .text.Input_Reading_Init
                0x000000000800066c       0x78 ./Core/Src/input_reading.o
                0x000000000800066c                Input_Reading_Init
 .text.IsIndexValid
                0x00000000080006e4       0x2c ./Core/Src/input_reading.o
                0x00000000080006e4                IsIndexValid
 .text.IsButtonPressed
                0x0000000008000710       0x3c ./Core/Src/input_reading.o
                0x0000000008000710                IsButtonPressed
 .text.IsButtonPressedOneSec
                0x000000000800074c       0x34 ./Core/Src/input_reading.o
                0x000000000800074c                IsButtonPressedOneSec
 .text.ButtonReading
                0x0000000008000780       0xf4 ./Core/Src/input_reading.o
                0x0000000008000780                ButtonReading
 .text.LED7SEG_Init
                0x0000000008000874       0x60 ./Core/Src/led_display.o
                0x0000000008000874                LED7SEG_Init
 .text.UpdateBuffer7SEG
                0x00000000080008d4      0x118 ./Core/Src/led_display.o
                0x00000000080008d4                UpdateBuffer7SEG
 .text.UpdateDatabus7SEG
                0x00000000080009ec       0xe0 ./Core/Src/led_display.o
                0x00000000080009ec                UpdateDatabus7SEG
 .text.Scanning7SEG
                0x0000000008000acc       0x7c ./Core/Src/led_display.o
                0x0000000008000acc                Scanning7SEG
 .text.main     0x0000000008000b48       0x90 ./Core/Src/main.o
                0x0000000008000b48                main
 .text.SystemClock_Config
                0x0000000008000bd8       0x76 ./Core/Src/main.o
                0x0000000008000bd8                SystemClock_Config
 *fill*         0x0000000008000c4e        0x2 
 .text.MX_TIM2_Init
                0x0000000008000c50       0x98 ./Core/Src/main.o
 .text.MX_GPIO_Init
                0x0000000008000ce8       0xc8 ./Core/Src/main.o
 .text.HAL_TIM_PeriodElapsedCallback
                0x0000000008000db0       0x14 ./Core/Src/main.o
                0x0000000008000db0                HAL_TIM_PeriodElapsedCallback
 .text.Error_Handler
                0x0000000008000dc4        0xa ./Core/Src/main.o
                0x0000000008000dc4                Error_Handler
 *fill*         0x0000000008000dce        0x2 
 .text.HAL_MspInit
                0x0000000008000dd0       0x44 ./Core/Src/stm32f1xx_hal_msp.o
                0x0000000008000dd0                HAL_MspInit
 .text.HAL_TIM_Base_MspInit
                0x0000000008000e14       0x48 ./Core/Src/stm32f1xx_hal_msp.o
                0x0000000008000e14                HAL_TIM_Base_MspInit
 .text.NMI_Handler
                0x0000000008000e5c        0x6 ./Core/Src/stm32f1xx_it.o
                0x0000000008000e5c                NMI_Handler
 .text.HardFault_Handler
                0x0000000008000e62        0x6 ./Core/Src/stm32f1xx_it.o
                0x0000000008000e62                HardFault_Handler
 .text.MemManage_Handler
                0x0000000008000e68        0x6 ./Core/Src/stm32f1xx_it.o
                0x0000000008000e68                MemManage_Handler
 .text.BusFault_Handler
                0x0000000008000e6e        0x6 ./Core/Src/stm32f1xx_it.o
                0x0000000008000e6e                BusFault_Handler
 .text.UsageFault_Handler
                0x0000000008000e74        0x6 ./Core/Src/stm32f1xx_it.o
                0x0000000008000e74                UsageFault_Handler
 .text.SVC_Handler
                0x0000000008000e7a        0xc ./Core/Src/stm32f1xx_it.o
                0x0000000008000e7a                SVC_Handler
 .text.DebugMon_Handler
                0x0000000008000e86        0xc ./Core/Src/stm32f1xx_it.o
                0x0000000008000e86                DebugMon_Handler
 .text.PendSV_Handler
                0x0000000008000e92        0xc ./Core/Src/stm32f1xx_it.o
                0x0000000008000e92                PendSV_Handler
 .text.SysTick_Handler
                0x0000000008000e9e        0xc ./Core/Src/stm32f1xx_it.o
                0x0000000008000e9e                SysTick_Handler
 *fill*         0x0000000008000eaa        0x2 
 .text.TIM2_IRQHandler
                0x0000000008000eac       0x14 ./Core/Src/stm32f1xx_it.o
                0x0000000008000eac                TIM2_IRQHandler
 .text.SystemInit
                0x0000000008000ec0        0xc ./Core/Src/system_stm32f1xx.o
                0x0000000008000ec0                SystemInit
 .text.SetTimer
                0x0000000008000ecc       0x48 ./Core/Src/timer.o
                0x0000000008000ecc                SetTimer
 .text.GetFlagTimer
                0x0000000008000f14       0x24 ./Core/Src/timer.o
                0x0000000008000f14                GetFlagTimer
 .text.TimerRun
                0x0000000008000f38       0x60 ./Core/Src/timer.o
                0x0000000008000f38                TimerRun
 .text.AllTimerRun
                0x0000000008000f98       0x14 ./Core/Src/timer.o
                0x0000000008000f98                AllTimerRun
 .text.WritePinLED
                0x0000000008000fac       0x9c ./Core/Src/traffic_light.o
                0x0000000008000fac                WritePinLED
 .text.TogglePinLED
                0x0000000008001048       0x98 ./Core/Src/traffic_light.o
                0x0000000008001048                TogglePinLED
 .text.Reset_Handler
                0x00000000080010e0       0x48 ./Core/Startup/startup_stm32f103c6tx.o
                0x00000000080010e0                Reset_Handler
 .text.Default_Handler
                0x0000000008001128        0x2 ./Core/Startup/startup_stm32f103c6tx.o
                0x0000000008001128                RTC_Alarm_IRQHandler
                0x0000000008001128                EXTI2_IRQHandler
                0x0000000008001128                TIM1_CC_IRQHandler
                0x0000000008001128                PVD_IRQHandler
                0x0000000008001128                EXTI3_IRQHandler
                0x0000000008001128                EXTI0_IRQHandler
                0x0000000008001128                ADC1_2_IRQHandler
                0x0000000008001128                SPI1_IRQHandler
                0x0000000008001128                TAMPER_IRQHandler
                0x0000000008001128                DMA1_Channel4_IRQHandler
                0x0000000008001128                RTC_IRQHandler
                0x0000000008001128                DMA1_Channel7_IRQHandler
                0x0000000008001128                CAN1_RX1_IRQHandler
                0x0000000008001128                I2C1_EV_IRQHandler
                0x0000000008001128                DMA1_Channel6_IRQHandler
                0x0000000008001128                TIM3_IRQHandler
                0x0000000008001128                RCC_IRQHandler
                0x0000000008001128                TIM1_TRG_COM_IRQHandler
                0x0000000008001128                DMA1_Channel1_IRQHandler
                0x0000000008001128                Default_Handler
                0x0000000008001128                EXTI15_10_IRQHandler
                0x0000000008001128                EXTI9_5_IRQHandler
                0x0000000008001128                DMA1_Channel5_IRQHandler
                0x0000000008001128                EXTI4_IRQHandler
                0x0000000008001128                USB_LP_CAN1_RX0_IRQHandler
                0x0000000008001128                USB_HP_CAN1_TX_IRQHandler
                0x0000000008001128                DMA1_Channel3_IRQHandler
                0x0000000008001128                TIM1_UP_IRQHandler
                0x0000000008001128                WWDG_IRQHandler
                0x0000000008001128                TIM1_BRK_IRQHandler
                0x0000000008001128                EXTI1_IRQHandler
                0x0000000008001128                USART2_IRQHandler
                0x0000000008001128                DMA1_Channel2_IRQHandler
                0x0000000008001128                CAN1_SCE_IRQHandler
                0x0000000008001128                FLASH_IRQHandler
                0x0000000008001128                USART1_IRQHandler
                0x0000000008001128                I2C1_ER_IRQHandler
                0x0000000008001128                USBWakeUp_IRQHandler
 *fill*         0x000000000800112a        0x2 
 .text.HAL_Init
                0x000000000800112c       0x2c ./Drivers/STM32F1xx_HAL_Driver/Src/stm32f1xx_hal.o
                0x000000000800112c                HAL_Init
 .text.HAL_InitTick
                0x0000000008001158       0x60 ./Drivers/STM32F1xx_HAL_Driver/Src/stm32f1xx_hal.o
                0x0000000008001158                HAL_InitTick
 .text.HAL_IncTick
                0x00000000080011b8       0x24 ./Drivers/STM32F1xx_HAL_Driver/Src/stm32f1xx_hal.o
                0x00000000080011b8                HAL_IncTick
 .text.HAL_GetTick
                0x00000000080011dc       0x14 ./Drivers/STM32F1xx_HAL_Driver/Src/stm32f1xx_hal.o
                0x00000000080011dc                HAL_GetTick
 .text.__NVIC_SetPriorityGrouping
                0x00000000080011f0       0x48 ./Drivers/STM32F1xx_HAL_Driver/Src/stm32f1xx_hal_cortex.o
 .text.__NVIC_GetPriorityGrouping
                0x0000000008001238       0x1c ./Drivers/STM32F1xx_HAL_Driver/Src/stm32f1xx_hal_cortex.o
 .text.__NVIC_EnableIRQ
                0x0000000008001254       0x38 ./Drivers/STM32F1xx_HAL_Driver/Src/stm32f1xx_hal_cortex.o
 .text.__NVIC_SetPriority
                0x000000000800128c       0x54 ./Drivers/STM32F1xx_HAL_Driver/Src/stm32f1xx_hal_cortex.o
 .text.NVIC_EncodePriority
                0x00000000080012e0       0x64 ./Drivers/STM32F1xx_HAL_Driver/Src/stm32f1xx_hal_cortex.o
 .text.SysTick_Config
                0x0000000008001344       0x44 ./Drivers/STM32F1xx_HAL_Driver/Src/stm32f1xx_hal_cortex.o
 .text.HAL_NVIC_SetPriorityGrouping
                0x0000000008001388       0x16 ./Drivers/STM32F1xx_HAL_Driver/Src/stm32f1xx_hal_cortex.o
                0x0000000008001388                HAL_NVIC_SetPriorityGrouping
 .text.HAL_NVIC_SetPriority
                0x000000000800139e       0x38 ./Drivers/STM32F1xx_HAL_Driver/Src/stm32f1xx_hal_cortex.o
                0x000000000800139e                HAL_NVIC_SetPriority
 .text.HAL_NVIC_EnableIRQ
                0x00000000080013d6       0x1c ./Drivers/STM32F1xx_HAL_Driver/Src/stm32f1xx_hal_cortex.o
                0x00000000080013d6                HAL_NVIC_EnableIRQ
 .text.HAL_SYSTICK_Config
                0x00000000080013f2       0x18 ./Drivers/STM32F1xx_HAL_Driver/Src/stm32f1xx_hal_cortex.o
                0x00000000080013f2                HAL_SYSTICK_Config
 *fill*         0x000000000800140a        0x2 
 .text.HAL_GPIO_Init
                0x000000000800140c      0x2f8 ./Drivers/STM32F1xx_HAL_Driver/Src/stm32f1xx_hal_gpio.o
                0x000000000800140c                HAL_GPIO_Init
 .text.HAL_GPIO_ReadPin
                0x0000000008001704       0x2e ./Drivers/STM32F1xx_HAL_Driver/Src/stm32f1xx_hal_gpio.o
                0x0000000008001704                HAL_GPIO_ReadPin
 .text.HAL_GPIO_WritePin
                0x0000000008001732       0x30 ./Drivers/STM32F1xx_HAL_Driver/Src/stm32f1xx_hal_gpio.o
                0x0000000008001732                HAL_GPIO_WritePin
 .text.HAL_GPIO_TogglePin
                0x0000000008001762       0x32 ./Drivers/STM32F1xx_HAL_Driver/Src/stm32f1xx_hal_gpio.o
                0x0000000008001762                HAL_GPIO_TogglePin
 .text.HAL_RCC_OscConfig
                0x0000000008001794      0x504 ./Drivers/STM32F1xx_HAL_Driver/Src/stm32f1xx_hal_rcc.o
                0x0000000008001794                HAL_RCC_OscConfig
 .text.HAL_RCC_ClockConfig
                0x0000000008001c98      0x1d4 ./Drivers/STM32F1xx_HAL_Driver/Src/stm32f1xx_hal_rcc.o
                0x0000000008001c98                HAL_RCC_ClockConfig
 .text.HAL_RCC_GetSysClockFreq
                0x0000000008001e6c       0xa8 ./Drivers/STM32F1xx_HAL_Driver/Src/stm32f1xx_hal_rcc.o
                0x0000000008001e6c                HAL_RCC_GetSysClockFreq
 .text.RCC_Delay
                0x0000000008001f14       0x3c ./Drivers/STM32F1xx_HAL_Driver/Src/stm32f1xx_hal_rcc.o
 .text.HAL_TIM_Base_Init
                0x0000000008001f50       0x9e ./Drivers/STM32F1xx_HAL_Driver/Src/stm32f1xx_hal_tim.o
                0x0000000008001f50                HAL_TIM_Base_Init
 *fill*         0x0000000008001fee        0x2 
 .text.HAL_TIM_Base_Start_IT
                0x0000000008001ff0       0x98 ./Drivers/STM32F1xx_HAL_Driver/Src/stm32f1xx_hal_tim.o
                0x0000000008001ff0                HAL_TIM_Base_Start_IT
 .text.HAL_TIM_IRQHandler
                0x0000000008002088      0x210 ./Drivers/STM32F1xx_HAL_Driver/Src/stm32f1xx_hal_tim.o
                0x0000000008002088                HAL_TIM_IRQHandler
 .text.HAL_TIM_ConfigClockSource
                0x0000000008002298      0x18e ./Drivers/STM32F1xx_HAL_Driver/Src/stm32f1xx_hal_tim.o
                0x0000000008002298                HAL_TIM_ConfigClockSource
 .text.HAL_TIM_OC_DelayElapsedCallback
                0x0000000008002426       0x12 ./Drivers/STM32F1xx_HAL_Driver/Src/stm32f1xx_hal_tim.o
                0x0000000008002426                HAL_TIM_OC_DelayElapsedCallback
 .text.HAL_TIM_IC_CaptureCallback
                0x0000000008002438       0x12 ./Drivers/STM32F1xx_HAL_Driver/Src/stm32f1xx_hal_tim.o
                0x0000000008002438                HAL_TIM_IC_CaptureCallback
 .text.HAL_TIM_PWM_PulseFinishedCallback
                0x000000000800244a       0x12 ./Drivers/STM32F1xx_HAL_Driver/Src/stm32f1xx_hal_tim.o
                0x000000000800244a                HAL_TIM_PWM_PulseFinishedCallback
 .text.HAL_TIM_TriggerCallback
                0x000000000800245c       0x12 ./Drivers/STM32F1xx_HAL_Driver/Src/stm32f1xx_hal_tim.o
                0x000000000800245c                HAL_TIM_TriggerCallback
 *fill*         0x000000000800246e        0x2 
 .text.TIM_Base_SetConfig
                0x0000000008002470       0xb0 ./Drivers/STM32F1xx_HAL_Driver/Src/stm32f1xx_hal_tim.o
                0x0000000008002470                TIM_Base_SetConfig
 .text.TIM_TI1_ConfigInputStage
                0x0000000008002520       0x5c ./Drivers/STM32F1xx_HAL_Driver/Src/stm32f1xx_hal_tim.o
 .text.TIM_TI2_ConfigInputStage
                0x000000000800257c       0x5e ./Drivers/STM32F1xx_HAL_Driver/Src/stm32f1xx_hal_tim.o
 .text.TIM_ITRx_SetConfig
                0x00000000080025da       0x34 ./Drivers/STM32F1xx_HAL_Driver/Src/stm32f1xx_hal_tim.o
 .text.TIM_ETR_SetConfig
                0x000000000800260e       0x3e ./Drivers/STM32F1xx_HAL_Driver/Src/stm32f1xx_hal_tim.o
                0x000000000800260e                TIM_ETR_SetConfig
 .text.HAL_TIMEx_MasterConfigSynchronization
                0x000000000800264c       0xb0 ./Drivers/STM32F1xx_HAL_Driver/Src/stm32f1xx_hal_tim_ex.o
                0x000000000800264c                HAL_TIMEx_MasterConfigSynchronization
 .text.HAL_TIMEx_CommutCallback
                0x00000000080026fc       0x12 ./Drivers/STM32F1xx_HAL_Driver/Src/stm32f1xx_hal_tim_ex.o
                0x00000000080026fc                HAL_TIMEx_CommutCallback
 .text.HAL_TIMEx_BreakCallback
                0x000000000800270e       0x12 ./Drivers/STM32F1xx_HAL_Driver/Src/stm32f1xx_hal_tim_ex.o
                0x000000000800270e                HAL_TIMEx_BreakCallback
 .text.__libc_init_array
                0x0000000008002720       0x48 e:/stm32ide/stm32cubeide_1.11.0/stm32cubeide/plugins/com.st.stm32cube.ide.mcu.externaltools.gnu-tools-for-stm32.10.3-2021.10.win32_1.0.100.202210260954/tools/bin/../lib/gcc/arm-none-eabi/10.3.1/../../../../arm-none-eabi/lib/thumb/v7-m/nofp\libc_nano.a(lib_a-init.o)
                0x0000000008002720                __libc_init_array
 .text.memset   0x0000000008002768       0x10 e:/stm32ide/stm32cubeide_1.11.0/stm32cubeide/plugins/com.st.stm32cube.ide.mcu.externaltools.gnu-tools-for-stm32.10.3-2021.10.win32_1.0.100.202210260954/tools/bin/../lib/gcc/arm-none-eabi/10.3.1/../../../../arm-none-eabi/lib/thumb/v7-m/nofp\libc_nano.a(lib_a-memset.o)
                0x0000000008002768                memset
 *(.glue_7)
 .glue_7        0x0000000008002778        0x0 linker stubs
 *(.glue_7t)
 .glue_7t       0x0000000008002778        0x0 linker stubs
 *(.eh_frame)
 .eh_frame      0x0000000008002778        0x0 e:/stm32ide/stm32cubeide_1.11.0/stm32cubeide/plugins/com.st.stm32cube.ide.mcu.externaltools.gnu-tools-for-stm32.10.3-2021.10.win32_1.0.100.202210260954/tools/bin/../lib/gcc/arm-none-eabi/10.3.1/thumb/v7-m/nofp/crtbegin.o
 *(.init)
 .init          0x0000000008002778        0x4 e:/stm32ide/stm32cubeide_1.11.0/stm32cubeide/plugins/com.st.stm32cube.ide.mcu.externaltools.gnu-tools-for-stm32.10.3-2021.10.win32_1.0.100.202210260954/tools/bin/../lib/gcc/arm-none-eabi/10.3.1/thumb/v7-m/nofp/crti.o
                0x0000000008002778                _init
 .init          0x000000000800277c        0x8 e:/stm32ide/stm32cubeide_1.11.0/stm32cubeide/plugins/com.st.stm32cube.ide.mcu.externaltools.gnu-tools-for-stm32.10.3-2021.10.win32_1.0.100.202210260954/tools/bin/../lib/gcc/arm-none-eabi/10.3.1/thumb/v7-m/nofp/crtn.o
 *(.fini)
 .fini          0x0000000008002784        0x4 e:/stm32ide/stm32cubeide_1.11.0/stm32cubeide/plugins/com.st.stm32cube.ide.mcu.externaltools.gnu-tools-for-stm32.10.3-2021.10.win32_1.0.100.202210260954/tools/bin/../lib/gcc/arm-none-eabi/10.3.1/thumb/v7-m/nofp/crti.o
                0x0000000008002784                _fini
 .fini          0x0000000008002788        0x8 e:/stm32ide/stm32cubeide_1.11.0/stm32cubeide/plugins/com.st.stm32cube.ide.mcu.externaltools.gnu-tools-for-stm32.10.3-2021.10.win32_1.0.100.202210260954/tools/bin/../lib/gcc/arm-none-eabi/10.3.1/thumb/v7-m/nofp/crtn.o
                0x0000000008002790                . = ALIGN (0x4)
                0x0000000008002790                _etext = .

.vfp11_veneer   0x0000000008002790        0x0
 .vfp11_veneer  0x0000000008002790        0x0 linker stubs

.v4_bx          0x0000000008002790        0x0
 .v4_bx         0x0000000008002790        0x0 linker stubs

.iplt           0x0000000008002790        0x0
 .iplt          0x0000000008002790        0x0 e:/stm32ide/stm32cubeide_1.11.0/stm32cubeide/plugins/com.st.stm32cube.ide.mcu.externaltools.gnu-tools-for-stm32.10.3-2021.10.win32_1.0.100.202210260954/tools/bin/../lib/gcc/arm-none-eabi/10.3.1/thumb/v7-m/nofp/crtbegin.o

.rodata         0x0000000008002790       0x50
                0x0000000008002790                . = ALIGN (0x4)
 *(.rodata)
 *(.rodata*)
 .rodata.GPIO_Pin
                0x0000000008002790        0x6 ./Core/Src/input_reading.o
                0x0000000008002790                GPIO_Pin
 *fill*         0x0000000008002796        0x2 
 .rodata.EN_PIN
                0x0000000008002798        0xa ./Core/Src/led_display.o
                0x0000000008002798                EN_PIN
 *fill*         0x00000000080027a2        0x2 
 .rodata.b      0x00000000080027a4        0xa ./Core/Src/led_display.o
                0x00000000080027a4                b
 *fill*         0x00000000080027ae        0x2 
 .rodata.AHBPrescTable
                0x00000000080027b0       0x10 ./Core/Src/system_stm32f1xx.o
                0x00000000080027b0                AHBPrescTable
 .rodata.TrafficLightLED_Pin
                0x00000000080027c0        0xc ./Core/Src/traffic_light.o
                0x00000000080027c0                TrafficLightLED_Pin
 .rodata.aPLLMULFactorTable.1
                0x00000000080027cc       0x10 ./Drivers/STM32F1xx_HAL_Driver/Src/stm32f1xx_hal_rcc.o
 .rodata.aPredivFactorTable.0
                0x00000000080027dc        0x2 ./Drivers/STM32F1xx_HAL_Driver/Src/stm32f1xx_hal_rcc.o
                0x00000000080027e0                . = ALIGN (0x4)
 *fill*         0x00000000080027de        0x2 

.rel.dyn        0x00000000080027e0        0x0
 .rel.iplt      0x00000000080027e0        0x0 e:/stm32ide/stm32cubeide_1.11.0/stm32cubeide/plugins/com.st.stm32cube.ide.mcu.externaltools.gnu-tools-for-stm32.10.3-2021.10.win32_1.0.100.202210260954/tools/bin/../lib/gcc/arm-none-eabi/10.3.1/thumb/v7-m/nofp/crtbegin.o

.ARM.extab      0x00000000080027e0        0x0
                0x00000000080027e0                . = ALIGN (0x4)
 *(.ARM.extab* .gnu.linkonce.armextab.*)
                0x00000000080027e0                . = ALIGN (0x4)

.ARM            0x00000000080027e0        0x0
                0x00000000080027e0                . = ALIGN (0x4)
                0x00000000080027e0                __exidx_start = .
 *(.ARM.exidx*)
                0x00000000080027e0                __exidx_end = .
                0x00000000080027e0                . = ALIGN (0x4)

.preinit_array  0x00000000080027e0        0x0
                0x00000000080027e0                . = ALIGN (0x4)
                0x00000000080027e0                PROVIDE (__preinit_array_start = .)
 *(.preinit_array*)
                0x00000000080027e0                PROVIDE (__preinit_array_end = .)
                0x00000000080027e0                . = ALIGN (0x4)

.init_array     0x00000000080027e0        0x4
                0x00000000080027e0                . = ALIGN (0x4)
                0x00000000080027e0                PROVIDE (__init_array_start = .)
 *(SORT_BY_NAME(.init_array.*))
 *(.init_array*)
 .init_array    0x00000000080027e0        0x4 e:/stm32ide/stm32cubeide_1.11.0/stm32cubeide/plugins/com.st.stm32cube.ide.mcu.externaltools.gnu-tools-for-stm32.10.3-2021.10.win32_1.0.100.202210260954/tools/bin/../lib/gcc/arm-none-eabi/10.3.1/thumb/v7-m/nofp/crtbegin.o
                0x00000000080027e4                PROVIDE (__init_array_end = .)
                0x00000000080027e4                . = ALIGN (0x4)

.fini_array     0x00000000080027e4        0x4
                0x00000000080027e4                . = ALIGN (0x4)
                [!provide]                        PROVIDE (__fini_array_start = .)
 *(SORT_BY_NAME(.fini_array.*))
 *(.fini_array*)
 .fini_array    0x00000000080027e4        0x4 e:/stm32ide/stm32cubeide_1.11.0/stm32cubeide/plugins/com.st.stm32cube.ide.mcu.externaltools.gnu-tools-for-stm32.10.3-2021.10.win32_1.0.100.202210260954/tools/bin/../lib/gcc/arm-none-eabi/10.3.1/thumb/v7-m/nofp/crtbegin.o
                [!provide]                        PROVIDE (__fini_array_end = .)
                0x00000000080027e8                . = ALIGN (0x4)
                0x00000000080027e8                _sidata = LOADADDR (.data)

.data           0x0000000020000000       0x1c load address 0x00000000080027e8
                0x0000000020000000                . = ALIGN (0x4)
                0x0000000020000000                _sdata = .
 *(.data)
 *(.data*)
 .data.GPIO_Port
                0x0000000020000000        0xc ./Core/Src/input_reading.o
                0x0000000020000000                GPIO_Port
 .data.SystemCoreClock
                0x000000002000000c        0x4 ./Core/Src/system_stm32f1xx.o
                0x000000002000000c                SystemCoreClock
 .data.TrafficLightLED_GPIO
                0x0000000020000010        0x4 ./Core/Src/traffic_light.o
                0x0000000020000010                TrafficLightLED_GPIO
 .data.uwTickPrio
                0x0000000020000014        0x4 ./Drivers/STM32F1xx_HAL_Driver/Src/stm32f1xx_hal.o
                0x0000000020000014                uwTickPrio
 .data.uwTickFreq
                0x0000000020000018        0x1 ./Drivers/STM32F1xx_HAL_Driver/Src/stm32f1xx_hal.o
                0x0000000020000018                uwTickFreq
 *(.RamFunc)
 *(.RamFunc*)
                0x000000002000001c                . = ALIGN (0x4)
 *fill*         0x0000000020000019        0x3 
                0x000000002000001c                _edata = .

.igot.plt       0x000000002000001c        0x0 load address 0x0000000008002804
 .igot.plt      0x000000002000001c        0x0 e:/stm32ide/stm32cubeide_1.11.0/stm32cubeide/plugins/com.st.stm32cube.ide.mcu.externaltools.gnu-tools-for-stm32.10.3-2021.10.win32_1.0.100.202210260954/tools/bin/../lib/gcc/arm-none-eabi/10.3.1/thumb/v7-m/nofp/crtbegin.o
                0x000000002000001c                . = ALIGN (0x4)

.bss            0x000000002000001c       0xb4 load address 0x0000000008002804
                0x000000002000001c                _sbss = .
                0x000000002000001c                __bss_start__ = _sbss
 *(.bss)
 .bss           0x000000002000001c       0x1c e:/stm32ide/stm32cubeide_1.11.0/stm32cubeide/plugins/com.st.stm32cube.ide.mcu.externaltools.gnu-tools-for-stm32.10.3-2021.10.win32_1.0.100.202210260954/tools/bin/../lib/gcc/arm-none-eabi/10.3.1/thumb/v7-m/nofp/crtbegin.o
 *(.bss*)
 .bss.runState  0x0000000020000038        0x1 ./Core/Src/global.o
                0x0000000020000038                runState
 *fill*         0x0000000020000039        0x3 
 .bss.ledState  0x000000002000003c        0x2 ./Core/Src/global.o
                0x000000002000003c                ledState
 *fill*         0x000000002000003e        0x2 
 .bss.light_counter
                0x0000000020000040        0x8 ./Core/Src/global.o
                0x0000000020000040                light_counter
 .bss.durationRed
                0x0000000020000048        0x1 ./Core/Src/global.o
                0x0000000020000048                durationRed
 .bss.durationAmber
                0x0000000020000049        0x1 ./Core/Src/global.o
                0x0000000020000049                durationAmber
 .bss.durationGreen
                0x000000002000004a        0x1 ./Core/Src/global.o
                0x000000002000004a                durationGreen
 .bss.temp_duRed
                0x000000002000004b        0x1 ./Core/Src/global.o
                0x000000002000004b                temp_duRed
 .bss.temp_duAmber
                0x000000002000004c        0x1 ./Core/Src/global.o
                0x000000002000004c                temp_duAmber
 .bss.temp_duGreen
                0x000000002000004d        0x1 ./Core/Src/global.o
                0x000000002000004d                temp_duGreen
 *fill*         0x000000002000004e        0x2 
 .bss.buttonState
                0x0000000020000050        0x3 ./Core/Src/input_processing.o
                0x0000000020000050                buttonState
 *fill*         0x0000000020000053        0x1 
 .bss.general_counter
                0x0000000020000054        0x4 ./Core/Src/input_processing.o
                0x0000000020000054                general_counter
 .bss.modbtn_counter
                0x0000000020000058        0x4 ./Core/Src/input_processing.o
                0x0000000020000058                modbtn_counter
 .bss.filteredBuffer
                0x000000002000005c        0x3 ./Core/Src/input_reading.o
 *fill*         0x000000002000005f        0x1 
 .bss.debounceBuffer0
                0x0000000020000060        0x3 ./Core/Src/input_reading.o
 *fill*         0x0000000020000063        0x1 
 .bss.debounceBuffer1
                0x0000000020000064        0x3 ./Core/Src/input_reading.o
 *fill*         0x0000000020000067        0x1 
 .bss.flagPressedOneSec
                0x0000000020000068        0x3 ./Core/Src/input_reading.o
 *fill*         0x000000002000006b        0x1 
 .bss.counterPressedOneSec
                0x000000002000006c        0x6 ./Core/Src/input_reading.o
 *fill*         0x0000000020000072        0x2 
 .bss.buffer7SEG
                0x0000000020000074        0x5 ./Core/Src/led_display.o
                0x0000000020000074                buffer7SEG
 *fill*         0x0000000020000079        0x1 
 .bss.led_index
                0x000000002000007a        0x2 ./Core/Src/led_display.o
                0x000000002000007a                led_index
 .bss.htim2     0x000000002000007c       0x48 ./Core/Src/main.o
                0x000000002000007c                htim2
 .bss.counter   0x00000000200000c4        0x4 ./Core/Src/timer.o
                0x00000000200000c4                counter
 .bss.flagTimer
                0x00000000200000c8        0x4 ./Core/Src/timer.o
                0x00000000200000c8                flagTimer
 .bss.uwTick    0x00000000200000cc        0x4 ./Drivers/STM32F1xx_HAL_Driver/Src/stm32f1xx_hal.o
                0x00000000200000cc                uwTick
 *(COMMON)
                0x00000000200000d0                . = ALIGN (0x4)
                0x00000000200000d0                _ebss = .
                0x00000000200000d0                __bss_end__ = _ebss

._user_heap_stack
                0x00000000200000d0      0x600 load address 0x0000000008002804
                0x00000000200000d0                . = ALIGN (0x8)
                [!provide]                        PROVIDE (end = .)
                0x00000000200000d0                PROVIDE (_end = .)
                0x00000000200002d0                . = (. + _Min_Heap_Size)
 *fill*         0x00000000200000d0      0x200 
                0x00000000200006d0                . = (. + _Min_Stack_Size)
 *fill*         0x00000000200002d0      0x400 
                0x00000000200006d0                . = ALIGN (0x8)

/DISCARD/
 libc.a(*)
 libm.a(*)
 libgcc.a(*)

.ARM.attributes
                0x0000000000000000       0x29
 *(.ARM.attributes)
 .ARM.attributes
                0x0000000000000000       0x1d e:/stm32ide/stm32cubeide_1.11.0/stm32cubeide/plugins/com.st.stm32cube.ide.mcu.externaltools.gnu-tools-for-stm32.10.3-2021.10.win32_1.0.100.202210260954/tools/bin/../lib/gcc/arm-none-eabi/10.3.1/thumb/v7-m/nofp/crti.o
 .ARM.attributes
                0x000000000000001d       0x2d e:/stm32ide/stm32cubeide_1.11.0/stm32cubeide/plugins/com.st.stm32cube.ide.mcu.externaltools.gnu-tools-for-stm32.10.3-2021.10.win32_1.0.100.202210260954/tools/bin/../lib/gcc/arm-none-eabi/10.3.1/thumb/v7-m/nofp/crtbegin.o
 .ARM.attributes
                0x000000000000004a       0x2d ./Core/Src/global.o
 .ARM.attributes
                0x0000000000000077       0x2d ./Core/Src/input_processing.o
 .ARM.attributes
                0x00000000000000a4       0x2d ./Core/Src/input_reading.o
 .ARM.attributes
                0x00000000000000d1       0x2d ./Core/Src/led_display.o
 .ARM.attributes
                0x00000000000000fe       0x2d ./Core/Src/main.o
 .ARM.attributes
                0x000000000000012b       0x2d ./Core/Src/stm32f1xx_hal_msp.o
 .ARM.attributes
                0x0000000000000158       0x2d ./Core/Src/stm32f1xx_it.o
 .ARM.attributes
                0x0000000000000185       0x2d ./Core/Src/system_stm32f1xx.o
 .ARM.attributes
                0x00000000000001b2       0x2d ./Core/Src/timer.o
 .ARM.attributes
                0x00000000000001df       0x2d ./Core/Src/traffic_light.o
 .ARM.attributes
                0x000000000000020c       0x21 ./Core/Startup/startup_stm32f103c6tx.o
 .ARM.attributes
                0x000000000000022d       0x2d ./Drivers/STM32F1xx_HAL_Driver/Src/stm32f1xx_hal.o
 .ARM.attributes
                0x000000000000025a       0x2d ./Drivers/STM32F1xx_HAL_Driver/Src/stm32f1xx_hal_cortex.o
 .ARM.attributes
                0x0000000000000287       0x2d ./Drivers/STM32F1xx_HAL_Driver/Src/stm32f1xx_hal_gpio.o
 .ARM.attributes
                0x00000000000002b4       0x2d ./Drivers/STM32F1xx_HAL_Driver/Src/stm32f1xx_hal_rcc.o
 .ARM.attributes
                0x00000000000002e1       0x2d ./Drivers/STM32F1xx_HAL_Driver/Src/stm32f1xx_hal_tim.o
 .ARM.attributes
                0x000000000000030e       0x2d ./Drivers/STM32F1xx_HAL_Driver/Src/stm32f1xx_hal_tim_ex.o
 .ARM.attributes
                0x000000000000033b       0x2d e:/stm32ide/stm32cubeide_1.11.0/stm32cubeide/plugins/com.st.stm32cube.ide.mcu.externaltools.gnu-tools-for-stm32.10.3-2021.10.win32_1.0.100.202210260954/tools/bin/../lib/gcc/arm-none-eabi/10.3.1/../../../../arm-none-eabi/lib/thumb/v7-m/nofp\libc_nano.a(lib_a-init.o)
 .ARM.attributes
                0x0000000000000368       0x2d e:/stm32ide/stm32cubeide_1.11.0/stm32cubeide/plugins/com.st.stm32cube.ide.mcu.externaltools.gnu-tools-for-stm32.10.3-2021.10.win32_1.0.100.202210260954/tools/bin/../lib/gcc/arm-none-eabi/10.3.1/../../../../arm-none-eabi/lib/thumb/v7-m/nofp\libc_nano.a(lib_a-memset.o)
 .ARM.attributes
                0x0000000000000395       0x1d e:/stm32ide/stm32cubeide_1.11.0/stm32cubeide/plugins/com.st.stm32cube.ide.mcu.externaltools.gnu-tools-for-stm32.10.3-2021.10.win32_1.0.100.202210260954/tools/bin/../lib/gcc/arm-none-eabi/10.3.1/thumb/v7-m/nofp/crtn.o
OUTPUT(Lab3.elf elf32-littlearm)
LOAD linker stubs
LOAD e:/stm32ide/stm32cubeide_1.11.0/stm32cubeide/plugins/com.st.stm32cube.ide.mcu.externaltools.gnu-tools-for-stm32.10.3-2021.10.win32_1.0.100.202210260954/tools/bin/../lib/gcc/arm-none-eabi/10.3.1/../../../../arm-none-eabi/lib/thumb/v7-m/nofp\libc.a
LOAD e:/stm32ide/stm32cubeide_1.11.0/stm32cubeide/plugins/com.st.stm32cube.ide.mcu.externaltools.gnu-tools-for-stm32.10.3-2021.10.win32_1.0.100.202210260954/tools/bin/../lib/gcc/arm-none-eabi/10.3.1/../../../../arm-none-eabi/lib/thumb/v7-m/nofp\libm.a
LOAD e:/stm32ide/stm32cubeide_1.11.0/stm32cubeide/plugins/com.st.stm32cube.ide.mcu.externaltools.gnu-tools-for-stm32.10.3-2021.10.win32_1.0.100.202210260954/tools/bin/../lib/gcc/arm-none-eabi/10.3.1/thumb/v7-m/nofp\libgcc.a

.debug_info     0x0000000000000000     0x9005
 .debug_info    0x0000000000000000      0x219 ./Core/Src/global.o
 .debug_info    0x0000000000000219      0x372 ./Core/Src/input_processing.o
 .debug_info    0x000000000000058b      0x328 ./Core/Src/input_reading.o
 .debug_info    0x00000000000008b3      0x38b ./Core/Src/led_display.o
 .debug_info    0x0000000000000c3e      0xc5d ./Core/Src/main.o
 .debug_info    0x000000000000189b      0x8d8 ./Core/Src/stm32f1xx_hal_msp.o
 .debug_info    0x0000000000002173      0x6eb ./Core/Src/stm32f1xx_it.o
 .debug_info    0x000000000000285e      0x239 ./Core/Src/system_stm32f1xx.o
 .debug_info    0x0000000000002a97      0x110 ./Core/Src/timer.o
 .debug_info    0x0000000000002ba7      0x250 ./Core/Src/traffic_light.o
 .debug_info    0x0000000000002df7       0x22 ./Core/Startup/startup_stm32f103c6tx.o
 .debug_info    0x0000000000002e19      0x712 ./Drivers/STM32F1xx_HAL_Driver/Src/stm32f1xx_hal.o
 .debug_info    0x000000000000352b      0xafe ./Drivers/STM32F1xx_HAL_Driver/Src/stm32f1xx_hal_cortex.o
 .debug_info    0x0000000000004029      0x611 ./Drivers/STM32F1xx_HAL_Driver/Src/stm32f1xx_hal_gpio.o
 .debug_info    0x000000000000463a      0x861 ./Drivers/STM32F1xx_HAL_Driver/Src/stm32f1xx_hal_rcc.o
 .debug_info    0x0000000000004e9b     0x2ba7 ./Drivers/STM32F1xx_HAL_Driver/Src/stm32f1xx_hal_tim.o
 .debug_info    0x0000000000007a42     0x15c3 ./Drivers/STM32F1xx_HAL_Driver/Src/stm32f1xx_hal_tim_ex.o

.debug_abbrev   0x0000000000000000     0x1ca7
 .debug_abbrev  0x0000000000000000       0xc6 ./Core/Src/global.o
 .debug_abbrev  0x00000000000000c6      0x17f ./Core/Src/input_processing.o
 .debug_abbrev  0x0000000000000245      0x19d ./Core/Src/input_reading.o
 .debug_abbrev  0x00000000000003e2      0x1d3 ./Core/Src/led_display.o
 .debug_abbrev  0x00000000000005b5      0x28a ./Core/Src/main.o
 .debug_abbrev  0x000000000000083f      0x19c ./Core/Src/stm32f1xx_hal_msp.o
 .debug_abbrev  0x00000000000009db      0x181 ./Core/Src/stm32f1xx_it.o
 .debug_abbrev  0x0000000000000b5c      0x138 ./Core/Src/system_stm32f1xx.o
 .debug_abbrev  0x0000000000000c94       0xbb ./Core/Src/timer.o
 .debug_abbrev  0x0000000000000d4f      0x13d ./Core/Src/traffic_light.o
 .debug_abbrev  0x0000000000000e8c       0x12 ./Core/Startup/startup_stm32f103c6tx.o
 .debug_abbrev  0x0000000000000e9e      0x1f8 ./Drivers/STM32F1xx_HAL_Driver/Src/stm32f1xx_hal.o
 .debug_abbrev  0x0000000000001096      0x2ea ./Drivers/STM32F1xx_HAL_Driver/Src/stm32f1xx_hal_cortex.o
 .debug_abbrev  0x0000000000001380      0x1b8 ./Drivers/STM32F1xx_HAL_Driver/Src/stm32f1xx_hal_gpio.o
 .debug_abbrev  0x0000000000001538      0x2a5 ./Drivers/STM32F1xx_HAL_Driver/Src/stm32f1xx_hal_rcc.o
 .debug_abbrev  0x00000000000017dd      0x261 ./Drivers/STM32F1xx_HAL_Driver/Src/stm32f1xx_hal_tim.o
 .debug_abbrev  0x0000000000001a3e      0x269 ./Drivers/STM32F1xx_HAL_Driver/Src/stm32f1xx_hal_tim_ex.o

.debug_aranges  0x0000000000000000      0xaa0
 .debug_aranges
                0x0000000000000000       0x28 ./Core/Src/global.o
 .debug_aranges
                0x0000000000000028       0x70 ./Core/Src/input_processing.o
 .debug_aranges
                0x0000000000000098       0x40 ./Core/Src/input_reading.o
 .debug_aranges
                0x00000000000000d8       0x38 ./Core/Src/led_display.o
 .debug_aranges
                0x0000000000000110       0x48 ./Core/Src/main.o
 .debug_aranges
                0x0000000000000158       0x30 ./Core/Src/stm32f1xx_hal_msp.o
 .debug_aranges
                0x0000000000000188       0x68 ./Core/Src/stm32f1xx_it.o
 .debug_aranges
                0x00000000000001f0       0x28 ./Core/Src/system_stm32f1xx.o
 .debug_aranges
                0x0000000000000218       0x38 ./Core/Src/timer.o
 .debug_aranges
                0x0000000000000250       0x28 ./Core/Src/traffic_light.o
 .debug_aranges
                0x0000000000000278       0x28 ./Core/Startup/startup_stm32f103c6tx.o
 .debug_aranges
                0x00000000000002a0       0xe0 ./Drivers/STM32F1xx_HAL_Driver/Src/stm32f1xx_hal.o
 .debug_aranges
                0x0000000000000380      0x100 ./Drivers/STM32F1xx_HAL_Driver/Src/stm32f1xx_hal_cortex.o
 .debug_aranges
                0x0000000000000480       0x58 ./Drivers/STM32F1xx_HAL_Driver/Src/stm32f1xx_hal_gpio.o
 .debug_aranges
                0x00000000000004d8       0x90 ./Drivers/STM32F1xx_HAL_Driver/Src/stm32f1xx_hal_rcc.o
 .debug_aranges
                0x0000000000000568      0x3d0 ./Drivers/STM32F1xx_HAL_Driver/Src/stm32f1xx_hal_tim.o
 .debug_aranges
                0x0000000000000938      0x168 ./Drivers/STM32F1xx_HAL_Driver/Src/stm32f1xx_hal_tim_ex.o

.debug_ranges   0x0000000000000000      0x998
 .debug_ranges  0x0000000000000000       0x18 ./Core/Src/global.o
 .debug_ranges  0x0000000000000018       0x60 ./Core/Src/input_processing.o
 .debug_ranges  0x0000000000000078       0x30 ./Core/Src/input_reading.o
 .debug_ranges  0x00000000000000a8       0x28 ./Core/Src/led_display.o
 .debug_ranges  0x00000000000000d0       0x38 ./Core/Src/main.o
 .debug_ranges  0x0000000000000108       0x20 ./Core/Src/stm32f1xx_hal_msp.o
 .debug_ranges  0x0000000000000128       0x58 ./Core/Src/stm32f1xx_it.o
 .debug_ranges  0x0000000000000180       0x18 ./Core/Src/system_stm32f1xx.o
 .debug_ranges  0x0000000000000198       0x28 ./Core/Src/timer.o
 .debug_ranges  0x00000000000001c0       0x18 ./Core/Src/traffic_light.o
 .debug_ranges  0x00000000000001d8       0x20 ./Core/Startup/startup_stm32f103c6tx.o
 .debug_ranges  0x00000000000001f8       0xd0 ./Drivers/STM32F1xx_HAL_Driver/Src/stm32f1xx_hal.o
 .debug_ranges  0x00000000000002c8       0xf0 ./Drivers/STM32F1xx_HAL_Driver/Src/stm32f1xx_hal_cortex.o
 .debug_ranges  0x00000000000003b8       0x48 ./Drivers/STM32F1xx_HAL_Driver/Src/stm32f1xx_hal_gpio.o
 .debug_ranges  0x0000000000000400       0x80 ./Drivers/STM32F1xx_HAL_Driver/Src/stm32f1xx_hal_rcc.o
 .debug_ranges  0x0000000000000480      0x3c0 ./Drivers/STM32F1xx_HAL_Driver/Src/stm32f1xx_hal_tim.o
 .debug_ranges  0x0000000000000840      0x158 ./Drivers/STM32F1xx_HAL_Driver/Src/stm32f1xx_hal_tim_ex.o

.debug_line     0x0000000000000000     0x80bb
 .debug_line    0x0000000000000000      0x229 ./Core/Src/global.o
 .debug_line    0x0000000000000229      0x4be ./Core/Src/input_processing.o
 .debug_line    0x00000000000006e7      0x3bb ./Core/Src/input_reading.o
 .debug_line    0x0000000000000aa2      0x3b2 ./Core/Src/led_display.o
 .debug_line    0x0000000000000e54      0x4c0 ./Core/Src/main.o
 .debug_line    0x0000000000001314      0x2e9 ./Core/Src/stm32f1xx_hal_msp.o
 .debug_line    0x00000000000015fd      0x370 ./Core/Src/stm32f1xx_it.o
 .debug_line    0x000000000000196d      0x2d9 ./Core/Src/system_stm32f1xx.o
 .debug_line    0x0000000000001c46       0xb5 ./Core/Src/timer.o
 .debug_line    0x0000000000001cfb      0x306 ./Core/Src/traffic_light.o
 .debug_line    0x0000000000002001       0x86 ./Core/Startup/startup_stm32f103c6tx.o
 .debug_line    0x0000000000002087      0x586 ./Drivers/STM32F1xx_HAL_Driver/Src/stm32f1xx_hal.o
 .debug_line    0x000000000000260d      0x6ff ./Drivers/STM32F1xx_HAL_Driver/Src/stm32f1xx_hal_cortex.o
 .debug_line    0x0000000000002d0c      0x5b8 ./Drivers/STM32F1xx_HAL_Driver/Src/stm32f1xx_hal_gpio.o
 .debug_line    0x00000000000032c4      0x9a9 ./Drivers/STM32F1xx_HAL_Driver/Src/stm32f1xx_hal_rcc.o
 .debug_line    0x0000000000003c6d     0x2fb5 ./Drivers/STM32F1xx_HAL_Driver/Src/stm32f1xx_hal_tim.o
 .debug_line    0x0000000000006c22     0x1499 ./Drivers/STM32F1xx_HAL_Driver/Src/stm32f1xx_hal_tim_ex.o

.debug_str      0x0000000000000000     0x3007
 .debug_str     0x0000000000000000      0x248 ./Core/Src/global.o
                                        0x284 (size before relaxing)
 .debug_str     0x0000000000000248      0x1c5 ./Core/Src/input_processing.o
                                        0x42e (size before relaxing)
 .debug_str     0x000000000000040d      0x11b ./Core/Src/input_reading.o
                                        0x2c2 (size before relaxing)
 .debug_str     0x0000000000000528       0xa7 ./Core/Src/led_display.o
                                        0x325 (size before relaxing)
 .debug_str     0x00000000000005cf      0x7f6 ./Core/Src/main.o
                                        0xb05 (size before relaxing)
 .debug_str     0x0000000000000dc5      0x343 ./Core/Src/stm32f1xx_hal_msp.o
                                        0x9a8 (size before relaxing)
 .debug_str     0x0000000000001108       0xda ./Core/Src/stm32f1xx_it.o
                                        0x6ff (size before relaxing)
 .debug_str     0x00000000000011e2       0x7e ./Core/Src/system_stm32f1xx.o
                                        0x240 (size before relaxing)
 .debug_str     0x0000000000001260       0x1e ./Core/Src/timer.o
                                        0x13e (size before relaxing)
 .debug_str     0x000000000000127e       0x58 ./Core/Src/traffic_light.o
                                        0x26d (size before relaxing)
 .debug_str     0x00000000000012d6       0x36 ./Core/Startup/startup_stm32f103c6tx.o
                                         0x5f (size before relaxing)
 .debug_str     0x000000000000130c      0x2fc ./Drivers/STM32F1xx_HAL_Driver/Src/stm32f1xx_hal.o
                                        0x7e0 (size before relaxing)
 .debug_str     0x0000000000001608      0x39e ./Drivers/STM32F1xx_HAL_Driver/Src/stm32f1xx_hal_cortex.o
                                        0x885 (size before relaxing)
 .debug_str     0x00000000000019a6      0x10e ./Drivers/STM32F1xx_HAL_Driver/Src/stm32f1xx_hal_gpio.o
                                        0x3ec (size before relaxing)
 .debug_str     0x0000000000001ab4      0x1f4 ./Drivers/STM32F1xx_HAL_Driver/Src/stm32f1xx_hal_rcc.o
                                        0x617 (size before relaxing)
 .debug_str     0x0000000000001ca8      0xe71 ./Drivers/STM32F1xx_HAL_Driver/Src/stm32f1xx_hal_tim.o
                                       0x1661 (size before relaxing)
 .debug_str     0x0000000000002b19      0x4ee ./Drivers/STM32F1xx_HAL_Driver/Src/stm32f1xx_hal_tim_ex.o
                                        0xe7d (size before relaxing)

.comment        0x0000000000000000       0x50
 .comment       0x0000000000000000       0x50 ./Core/Src/global.o
                                         0x51 (size before relaxing)
 .comment       0x0000000000000050       0x51 ./Core/Src/input_processing.o
 .comment       0x0000000000000050       0x51 ./Core/Src/input_reading.o
 .comment       0x0000000000000050       0x51 ./Core/Src/led_display.o
 .comment       0x0000000000000050       0x51 ./Core/Src/main.o
 .comment       0x0000000000000050       0x51 ./Core/Src/stm32f1xx_hal_msp.o
 .comment       0x0000000000000050       0x51 ./Core/Src/stm32f1xx_it.o
 .comment       0x0000000000000050       0x51 ./Core/Src/system_stm32f1xx.o
 .comment       0x0000000000000050       0x51 ./Core/Src/timer.o
 .comment       0x0000000000000050       0x51 ./Core/Src/traffic_light.o
 .comment       0x0000000000000050       0x51 ./Drivers/STM32F1xx_HAL_Driver/Src/stm32f1xx_hal.o
 .comment       0x0000000000000050       0x51 ./Drivers/STM32F1xx_HAL_Driver/Src/stm32f1xx_hal_cortex.o
 .comment       0x0000000000000050       0x51 ./Drivers/STM32F1xx_HAL_Driver/Src/stm32f1xx_hal_gpio.o
 .comment       0x0000000000000050       0x51 ./Drivers/STM32F1xx_HAL_Driver/Src/stm32f1xx_hal_rcc.o
 .comment       0x0000000000000050       0x51 ./Drivers/STM32F1xx_HAL_Driver/Src/stm32f1xx_hal_tim.o
 .comment       0x0000000000000050       0x51 ./Drivers/STM32F1xx_HAL_Driver/Src/stm32f1xx_hal_tim_ex.o

.debug_frame    0x0000000000000000     0x29e4
 .debug_frame   0x0000000000000000       0x4c ./Core/Src/global.o
 .debug_frame   0x000000000000004c      0x168 ./Core/Src/input_processing.o
 .debug_frame   0x00000000000001b4       0xd0 ./Core/Src/input_reading.o
 .debug_frame   0x0000000000000284       0x9c ./Core/Src/led_display.o
 .debug_frame   0x0000000000000320       0xd4 ./Core/Src/main.o
 .debug_frame   0x00000000000003f4       0x80 ./Core/Src/stm32f1xx_hal_msp.o
 .debug_frame   0x0000000000000474      0x120 ./Core/Src/stm32f1xx_it.o
 .debug_frame   0x0000000000000594       0x58 ./Core/Src/system_stm32f1xx.o
 .debug_frame   0x00000000000005ec       0xa4 ./Core/Src/timer.o
 .debug_frame   0x0000000000000690       0x58 ./Core/Src/traffic_light.o
 .debug_frame   0x00000000000006e8      0x334 ./Drivers/STM32F1xx_HAL_Driver/Src/stm32f1xx_hal.o
 .debug_frame   0x0000000000000a1c      0x428 ./Drivers/STM32F1xx_HAL_Driver/Src/stm32f1xx_hal_cortex.o
 .debug_frame   0x0000000000000e44      0x14c ./Drivers/STM32F1xx_HAL_Driver/Src/stm32f1xx_hal_gpio.o
 .debug_frame   0x0000000000000f90      0x218 ./Drivers/STM32F1xx_HAL_Driver/Src/stm32f1xx_hal_rcc.o
 .debug_frame   0x00000000000011a8     0x11b8 ./Drivers/STM32F1xx_HAL_Driver/Src/stm32f1xx_hal_tim.o
 .debug_frame   0x0000000000002360      0x638 ./Drivers/STM32F1xx_HAL_Driver/Src/stm32f1xx_hal_tim_ex.o
 .debug_frame   0x0000000000002998       0x2c e:/stm32ide/stm32cubeide_1.11.0/stm32cubeide/plugins/com.st.stm32cube.ide.mcu.externaltools.gnu-tools-for-stm32.10.3-2021.10.win32_1.0.100.202210260954/tools/bin/../lib/gcc/arm-none-eabi/10.3.1/../../../../arm-none-eabi/lib/thumb/v7-m/nofp\libc_nano.a(lib_a-init.o)
 .debug_frame   0x00000000000029c4       0x20 e:/stm32ide/stm32cubeide_1.11.0/stm32cubeide/plugins/com.st.stm32cube.ide.mcu.externaltools.gnu-tools-for-stm32.10.3-2021.10.win32_1.0.100.202210260954/tools/bin/../lib/gcc/arm-none-eabi/10.3.1/../../../../arm-none-eabi/lib/thumb/v7-m/nofp\libc_nano.a(lib_a-memset.o)
