../Core/Src/input_processing.c:15:6:Input_Processing_Init	4	static
../Core/Src/input_processing.c:25:6:IncreaseOne	16	static
../Core/Src/input_processing.c:28:6:FSM_IncreasingValue	8	static
../Core/Src/input_processing.c:43:6:FSM_ChangingMode	8	static
../Core/Src/input_processing.c:69:6:FSM_SettingValue	4	static
../Core/Src/input_processing.c:86:6:FSM_ForInputProcessing	16	static
../Core/Src/input_processing.c:108:6:FSM_ProcessingSetValueButton	8	static
../Core/Src/input_processing.c:111:6:FSM_ProcessingModifyButton	8	static
../Core/Src/input_processing.c:123:6:FSM_ProcessingSelectModeButton	8	static
../Core/Src/input_processing.c:128:6:FSM_TrafficLight	16	static
../Core/Src/input_processing.c:163:6:FSM_ForProcessingState	8	static
