../Core/Src/input_processing.c:17:6:Input_Processing_Init	4	static
../Core/Src/input_processing.c:27:6:IncreaseOne	16	static
../Core/Src/input_processing.c:30:6:FSM_IncreasingValue	8	static
../Core/Src/input_processing.c:45:6:FSM_ChangingMode	8	static
../Core/Src/input_processing.c:73:6:FSM_SettingValue	4	static
../Core/Src/input_processing.c:90:6:FSM_ForInputProcessing	16	static
../Core/Src/input_processing.c:112:6:FSM_ProcessingSetValueButton	8	static
../Core/Src/input_processing.c:115:6:FSM_ProcessingModifyButton	8	static
../Core/Src/input_processing.c:129:6:FSM_ProcessingSelectModeButton	8	static
../Core/Src/input_processing.c:134:6:FSM_TrafficLight	16	static
../Core/Src/input_processing.c:169:6:FSM_ForRunStateProcessing	8	static
